// Jest Snapshot v1, https://goo.gl/fbAQLP

exports[`ArticleList renders correctly 1`] = `
<div>
  <div
    style={
      Object {
        "borderBottomColor": "#aaa",
        "borderBottomStyle": "solid",
        "borderBottomWidth": 1,
        "marginBottom": 10,
        "paddingBottom": 10,
      }
    }
  >
    <div
      style={
        Object {
          "fontWeight": "bold",
        }
      }
    />
    <div
      style={
        Object {
          "color": "#888",
          "fontSize": "0.8em",
        }
      }
    >
      Fri Jul 22 2016
    </div>
    <div
      style={
        Object {
          "paddingBottom": 10,
          "paddingTop": 10,
        }
      }
    >
      <a
        href={undefined}
      >
         
      </a>
    </div>
    <div
      style={
        Object {
          "paddingLeft": 20,
        }
      }
    />
    <h1 />
    <h1 />
    <h1>
      veteran
    </h1>
    <h1>
      rifle_man
    </h1>
    <h1>
      [
          "Browning SLP",
          "Steyer"
      ]
    </h1>
  </div>
  <div
    style={
      Object {
        "borderBottomColor": "#aaa",
        "borderBottomStyle": "solid",
        "borderBottomWidth": 1,
        "marginBottom": 10,
        "paddingBottom": 10,
      }
    }
  >
    <div
      style={
        Object {
          "fontWeight": "bold",
        }
      }
    />
    <div
      style={
        Object {
          "color": "#888",
          "fontSize": "0.8em",
        }
      }
    >
      Fri Jul 22 2016
    </div>
    <div
      style={
        Object {
          "paddingBottom": 10,
          "paddingTop": 10,
        }
      }
    >
      <a
        href={undefined}
      >
         
      </a>
    </div>
    <div
      style={
        Object {
          "paddingLeft": 20,
        }
      }
    />
    <h1 />
    <h1 />
    <h1>
      veteran
    </h1>
    <h1>
      rifle_man
    </h1>
    <h1>
      [
          "Browning SLP",
          "Steyer"
      ]
    </h1>
  </div>
  <div
    style={
      Object {
        "borderBottomColor": "#aaa",
        "borderBottomStyle": "solid",
        "borderBottomWidth": 1,
        "marginBottom": 10,
        "paddingBottom": 10,
      }
    }
  >
    <div
      style={
        Object {
          "fontWeight": "bold",
        }
      }
    />
    <div
      style={
        Object {
          "color": "#888",
          "fontSize": "0.8em",
        }
      }
    >
      Fri Jul 22 2016
    </div>
    <div
      style={
        Object {
          "paddingBottom": 10,
          "paddingTop": 10,
        }
      }
    >
      <a
        href={undefined}
      >
         
      </a>
    </div>
    <div
      style={
        Object {
          "paddingLeft": 20,
        }
      }
    />
    <h1 />
    <h1 />
    <h1>
      veteran
    </h1>
    <h1>
      rifle_man
    </h1>
    <h1>
      [
          "Browning SLP",
          "Steyer"
      ]
    </h1>
  </div>
  <pre>
    {
        "a": {
            "id": "a",
            "date": "Fri Jul 22 2016 00:00:00 GMT+0000 (UTC)"
        },
        "b": {
            "id": "b",
            "date": "Fri Jul 22 2016 00:00:00 GMT+0000 (UTC)"
        },
        "c": {
            "id": "c",
            "date": "Fri Jul 22 2016 00:00:00 GMT+0000 (UTC)"
        }
    }
  </pre>
</div>
`;
